// Jest Snapshot v1, https://goo.gl/fbAQLP

exports[`Snapshot test of the LandingPage component LandingPage component renders correctly 1`] = `
<div
  className="landing-container"
>
  <h1>
    Welcome
  </h1>
  <p>
    This system assists with the management of maintenance jobs and their tracking.
  </p>
  <p>
    Navigation through the system takes place though the navigation buttons at the top of the screen.
  </p>
  <p>
    To return to the home page click on the title at the top of the page.
  </p>
</div>
`;
